Drill report for C:/local/kicad/h7dragonman/dragonmanh7.kicad_pcb
Created on 24/05/2019 16:08:05

Copper Layer Stackup:
    =============================================================
    L1 :  F.Cu                      front
    L2 :  In1.Cu                    in1
    L3 :  In2.Cu                    in2
    L4 :  B.Cu                      back


Drill file 'dragonmanh7-PTH.drl' contains
    plated through holes:
    =============================================================
    T1  0,40mm  0,016"  (213 holes)
    T2  0,50mm  0,020"  (38 holes)  (with 6 slots)
    T3  0,55mm  0,022"  (6 holes)  (with 6 slots)
    T4  0,89mm  0,035"  (4 holes)
    T5  0,90mm  0,035"  (8 holes)
    T6  0,99mm  0,039"  (4 holes)
    T7  1,00mm  0,039"  (120 holes)
    T8  1,20mm  0,047"  (8 holes)
    T9  1,30mm  0,051"  (4 holes)
    T10  1,60mm  0,063"  (2 holes)
    T11  3,20mm  0,126"  (4 holes)

    Total plated holes count 411


Drill file 'dragonmanh7-NPTH.drl' contains
    unplated through holes:
    =============================================================
    T1  2,40mm  0,094"  (4 holes)
    T2  3,25mm  0,128"  (2 holes)

    Total unplated holes count 6
